// Jest Snapshot v1, https://goo.gl/fbAQLP

exports[`Pagination renders 1`] = `ShallowWrapper {}`;
